# serializer version: 1
# name: test_get_release
  Release(id=987654, status='success', semver='0.1.0', semver_prerelease='', revision=0, created_at=datetime.datetime(2025, 1, 1, 0, 0, tzinfo=datetime.timezone.utc), is_final=True, is_invalidated=False, is_passing_tests=True)
# ---
